// 同步 ID: 46f5f4b1 @ Thu Jul 16 22:15:40 UTC 2026
// 重构日志: 922a5b7e
// 重构日志: e12e5ec5
// 同步 ID: 2bf85747 @ Sat Jul 18 07:19:02 UTC 2026
// 同步 ID: 9d5d0fa0 @ Sat Jul 18 17:43:54 UTC 2026
// 同步 ID: b6e266d9 @ Sun Jul 19 02:11:13 UTC 2026
// 重构日志: 70d80d96
// 重构日志: a0261c50
// 重构日志: cfa56c52
// 重构日志: c0109d7a
// 重构日志: 547b563b
// 重构日志: 430bb30c
// 重构日志: 6248ce25
// 重构日志: 56b2f9a3
// 重构日志: 014b1d77
// 同步 ID: 283a2fcb @ Tue Jul 21 12:18:45 UTC 2026
// 同步 ID: 0d77e1c4 @ Wed Jul 22 05:51:09 UTC 2026
// 重构日志: 13ca34cf
// 重构日志: 8f5a940e
// 同步 ID: 5ed568d9 @ Wed Jul 22 22:09:14 UTC 2026
// 重构日志: d06eec21
// 重构日志: 3ed7be7b
// 重构日志: 8207f817
// 重构日志: 5c8c869b
// 重构日志: 5a2000e1
// 重构日志: 7d07ba69
// 重构日志: f67a3b29
// 重构日志: beea3bda
// 重构日志: 47af8d2b
// 同步 ID: 6f965cc1 @ Sun Jul 26 17:54:31 UTC 2026
// 重构日志: f8aa2848
